2021-09-06 13:33:56,350:WARNING: * Running on all addresses.
   WARNING: This is a development server. Do not use it in a production deployment.
2021-09-06 13:33:56,351:INFO: * Running on http://192.168.2.110:9211/ (Press CTRL+C to quit)
2021-09-06 13:33:56,352:INFO: * Restarting with stat
2021-09-06 13:33:56,712:WARNING: * Debugger is active!
2021-09-06 13:33:56,721:INFO: * Debugger PIN: 627-698-995
2021-09-06 13:34:26,237:INFO: * Detected change in '/Users/jxxxxx/PyProject/a1-m1-flask/main.py', reloading
2021-09-06 13:34:26,298:INFO: * Restarting with stat
2021-09-06 13:34:26,850:WARNING: * Debugger is active!
2021-09-06 13:34:26,855:INFO: * Debugger PIN: 627-698-995
2021-09-06 13:34:37,047:INFO: * Detected change in '/Users/jxxxxx/PyProject/a1-m1-flask/main.py', reloading
2021-09-06 13:34:37,097:INFO: * Restarting with stat
2021-09-06 13:34:37,614:WARNING: * Debugger is active!
2021-09-06 13:34:37,620:INFO: * Debugger PIN: 627-698-995
2021-09-06 13:34:40,696:INFO: * Detected change in '/Users/jxxxxx/PyProject/a1-m1-flask/main.py', reloading
2021-09-06 13:34:40,773:INFO: * Restarting with stat
2021-09-06 13:34:41,126:WARNING: * Debugger is active!
2021-09-06 13:34:41,131:INFO: * Debugger PIN: 627-698-995
2021-09-06 13:34:50,318:INFO: * Detected change in '/Users/jxxxxx/PyProject/a1-m1-flask/main.py', reloading
2021-09-06 13:34:50,372:INFO: * Restarting with stat
2021-09-06 13:34:50,849:WARNING: * Debugger is active!
2021-09-06 13:34:50,856:INFO: * Debugger PIN: 627-698-995
2021-09-06 13:34:53,931:INFO: * Detected change in '/Users/jxxxxx/PyProject/a1-m1-flask/main.py', reloading
2021-09-06 13:34:53,983:INFO: * Restarting with stat
2021-09-06 13:34:54,322:WARNING: * Debugger is active!
2021-09-06 13:34:54,327:INFO: * Debugger PIN: 627-698-995
2021-09-06 13:34:59,436:INFO: * Detected change in '/Users/jxxxxx/PyProject/a1-m1-flask/main.py', reloading
2021-09-06 13:34:59,489:INFO: * Restarting with stat
2021-09-06 13:34:59,827:WARNING: * Debugger is active!
2021-09-06 13:34:59,833:INFO: * Debugger PIN: 627-698-995
2021-09-06 13:35:17,138:INFO: * Detected change in '/Users/jxxxxx/PyProject/a1-m1-flask/main.py', reloading
2021-09-06 13:35:17,191:INFO: * Restarting with stat
2021-09-06 13:35:17,706:WARNING: * Debugger is active!
2021-09-06 13:35:17,710:INFO: * Debugger PIN: 627-698-995
2021-09-06 13:35:23,825:INFO: * Detected change in '/Users/jxxxxx/PyProject/a1-m1-flask/main.py', reloading
2021-09-06 13:35:23,879:INFO: * Restarting with stat
2021-09-06 13:35:24,220:WARNING: * Debugger is active!
2021-09-06 13:35:24,225:INFO: * Debugger PIN: 627-698-995
2021-09-06 13:35:36,429:INFO: * Detected change in '/Users/jxxxxx/PyProject/a1-m1-flask/main.py', reloading
2021-09-06 13:35:36,481:INFO: * Restarting with stat
2021-09-06 13:35:36,847:WARNING: * Debugger is active!
2021-09-06 13:35:36,853:INFO: * Debugger PIN: 627-698-995
2021-09-06 13:35:59,243:INFO: * Detected change in '/Users/jxxxxx/PyProject/a1-m1-flask/main.py', reloading
2021-09-06 13:35:59,297:INFO: * Restarting with stat
2021-09-06 13:35:59,685:WARNING: * Debugger is active!
2021-09-06 13:35:59,690:INFO: * Debugger PIN: 627-698-995
2021-09-06 13:36:04,795:INFO: * Detected change in '/Users/jxxxxx/PyProject/a1-m1-flask/main.py', reloading
2021-09-06 13:36:04,857:INFO: * Restarting with stat
2021-09-06 13:36:05,294:WARNING: * Debugger is active!
2021-09-06 13:36:05,299:INFO: * Debugger PIN: 627-698-995
2021-09-06 13:36:18,547:INFO: * Detected change in '/Users/jxxxxx/PyProject/a1-m1-flask/main.py', reloading
2021-09-06 13:36:18,603:INFO: * Restarting with stat
2021-09-06 13:36:18,990:WARNING: * Debugger is active!
2021-09-06 13:36:18,996:INFO: * Debugger PIN: 627-698-995
2021-09-06 13:36:43,414:INFO: * Detected change in '/Users/jxxxxx/PyProject/a1-m1-flask/main.py', reloading
2021-09-06 13:36:43,472:INFO: * Restarting with stat
2021-09-06 13:36:44,055:WARNING: * Debugger is active!
2021-09-06 13:36:44,064:INFO: * Debugger PIN: 627-698-995
2021-09-06 13:36:47,131:INFO: * Detected change in '/Users/jxxxxx/PyProject/a1-m1-flask/main.py', reloading
2021-09-06 13:36:47,199:INFO: * Restarting with stat
2021-09-06 13:36:47,593:WARNING: * Debugger is active!
2021-09-06 13:36:47,598:INFO: * Debugger PIN: 627-698-995
2021-09-06 13:36:49,650:INFO: * Detected change in '/Users/jxxxxx/PyProject/a1-m1-flask/main.py', reloading
2021-09-06 13:36:49,714:INFO: * Restarting with stat
2021-09-06 13:36:50,096:WARNING: * Debugger is active!
2021-09-06 13:36:50,102:INFO: * Debugger PIN: 627-698-995
2021-09-06 13:36:58,260:INFO: * Detected change in '/Users/jxxxxx/PyProject/a1-m1-flask/main.py', reloading
2021-09-06 13:36:58,319:INFO: * Restarting with stat
2021-09-06 13:36:58,668:WARNING: * Debugger is active!
2021-09-06 13:36:58,673:INFO: * Debugger PIN: 627-698-995
2021-09-06 13:37:03,785:INFO: * Detected change in '/Users/jxxxxx/PyProject/a1-m1-flask/main.py', reloading
2021-09-06 13:37:03,840:INFO: * Restarting with stat
2021-09-06 13:37:04,240:WARNING: * Debugger is active!
2021-09-06 13:37:04,247:INFO: * Debugger PIN: 627-698-995
2021-09-06 13:37:05,283:INFO: * Detected change in '/Users/jxxxxx/PyProject/a1-m1-flask/main.py', reloading
2021-09-06 13:37:05,332:INFO: * Restarting with stat
2021-09-06 13:37:05,711:WARNING: * Debugger is active!
2021-09-06 13:37:05,717:INFO: * Debugger PIN: 627-698-995
2021-09-06 13:37:07,779:INFO: * Detected change in '/Users/jxxxxx/PyProject/a1-m1-flask/main.py', reloading
2021-09-06 13:37:07,836:INFO: * Restarting with stat
2021-09-06 13:37:08,205:WARNING: * Debugger is active!
2021-09-06 13:37:08,211:INFO: * Debugger PIN: 627-698-995
2021-09-06 13:37:09,249:INFO: * Detected change in '/Users/jxxxxx/PyProject/a1-m1-flask/main.py', reloading
2021-09-06 13:37:09,299:INFO: * Restarting with stat
2021-09-06 13:37:09,685:WARNING: * Debugger is active!
2021-09-06 13:37:09,690:INFO: * Debugger PIN: 627-698-995
2021-09-06 13:37:14,802:INFO: * Detected change in '/Users/jxxxxx/PyProject/a1-m1-flask/main.py', reloading
2021-09-06 13:37:14,862:INFO: * Restarting with stat
2021-09-06 13:37:15,243:WARNING: * Debugger is active!
2021-09-06 13:37:15,249:INFO: * Debugger PIN: 627-698-995
2021-09-06 13:37:18,322:INFO: * Detected change in '/Users/jxxxxx/PyProject/a1-m1-flask/main.py', reloading
2021-09-06 13:37:18,383:INFO: * Restarting with stat
2021-09-06 13:37:18,781:WARNING: * Debugger is active!
2021-09-06 13:37:18,786:INFO: * Debugger PIN: 627-698-995
2021-09-06 13:37:19,833:INFO: * Detected change in '/Users/jxxxxx/PyProject/a1-m1-flask/main.py', reloading
2021-09-06 13:37:19,894:INFO: * Restarting with stat
2021-09-06 13:37:20,275:WARNING: * Debugger is active!
2021-09-06 13:37:20,281:INFO: * Debugger PIN: 627-698-995
2021-09-06 13:37:21,321:INFO: * Detected change in '/Users/jxxxxx/PyProject/a1-m1-flask/main.py', reloading
2021-09-06 13:37:21,374:INFO: * Restarting with stat
2021-09-06 13:37:21,764:WARNING: * Debugger is active!
2021-09-06 13:37:21,770:INFO: * Debugger PIN: 627-698-995
2021-09-06 13:37:24,837:INFO: * Detected change in '/Users/jxxxxx/PyProject/a1-m1-flask/main.py', reloading
2021-09-06 13:37:24,894:INFO: * Restarting with stat
2021-09-06 13:37:25,273:WARNING: * Debugger is active!
2021-09-06 13:37:25,278:INFO: * Debugger PIN: 627-698-995
2021-09-06 13:37:26,315:INFO: * Detected change in '/Users/jxxxxx/PyProject/a1-m1-flask/main.py', reloading
2021-09-06 13:37:26,382:INFO: * Restarting with stat
2021-09-06 13:37:26,819:WARNING: * Debugger is active!
2021-09-06 13:37:26,825:INFO: * Debugger PIN: 627-698-995
2021-09-06 13:37:31,928:INFO: * Detected change in '/Users/jxxxxx/PyProject/a1-m1-flask/main.py', reloading
2021-09-06 13:37:31,983:INFO: * Restarting with stat
2021-09-06 13:37:32,361:WARNING: * Debugger is active!
2021-09-06 13:37:32,368:INFO: * Debugger PIN: 627-698-995
2021-09-06 13:37:33,406:INFO: * Detected change in '/Users/jxxxxx/PyProject/a1-m1-flask/main.py', reloading
2021-09-06 13:37:33,458:INFO: * Restarting with stat
2021-09-06 13:37:33,812:WARNING: * Debugger is active!
2021-09-06 13:37:33,818:INFO: * Debugger PIN: 627-698-995
2021-09-06 13:37:39,333:WARNING: * Running on all addresses.
   WARNING: This is a development server. Do not use it in a production deployment.
2021-09-06 13:37:39,333:INFO: * Running on http://192.168.2.110:9211/ (Press CTRL+C to quit)
2021-09-06 13:37:39,334:INFO: * Restarting with stat
2021-09-06 13:37:39,708:WARNING: * Debugger is active!
2021-09-06 13:37:39,713:INFO: * Debugger PIN: 627-698-995
2021-09-06 13:37:46,520:INFO:192.168.2.110 - - [06/Sep/2021 13:37:46] "GET / HTTP/1.1" 200 -
2021-09-06 13:38:20,525:INFO:192.168.2.110 - - [06/Sep/2021 13:38:20] "[33mGET /costomers HTTP/1.1[0m" 404 -
2021-09-06 13:38:28,283:INFO:192.168.2.110 - - [06/Sep/2021 13:38:28] "GET /customers HTTP/1.1" 200 -
2021-09-06 13:39:18,393:INFO: * Detected change in '/Users/jxxxxx/PyProject/a1-m1-flask/main.py', reloading
2021-09-06 13:39:18,479:INFO: * Restarting with stat
2021-09-06 13:39:19,076:WARNING: * Debugger is active!
2021-09-06 13:39:19,082:INFO: * Debugger PIN: 627-698-995
2021-09-06 13:40:01,821:INFO: * Detected change in '/Users/jxxxxx/PyProject/a1-m1-flask/main.py', reloading
2021-09-06 13:40:01,873:INFO: * Restarting with stat
2021-09-06 13:40:02,411:WARNING: * Debugger is active!
2021-09-06 13:40:02,417:INFO: * Debugger PIN: 627-698-995
2021-09-06 13:40:05,954:INFO:192.168.2.110 - - [06/Sep/2021 13:40:05] "GET /customers HTTP/1.1" 200 -
2021-09-06 13:40:35,807:WARNING: * Running on all addresses.
   WARNING: This is a development server. Do not use it in a production deployment.
2021-09-06 13:40:35,808:INFO: * Running on http://192.168.2.110:9211/ (Press CTRL+C to quit)
2021-09-06 13:40:35,809:INFO: * Restarting with stat
2021-09-06 13:40:36,150:WARNING: * Debugger is active!
2021-09-06 13:40:36,160:INFO: * Debugger PIN: 627-698-995
2021-09-06 13:40:40,124:INFO:192.168.2.110 - - [06/Sep/2021 13:40:40] "GET /customers HTTP/1.1" 200 -
2021-09-06 13:40:51,419:INFO:192.168.2.110 - - [06/Sep/2021 13:40:51] "GET /customers HTTP/1.1" 200 -
2021-09-06 13:41:08,736:INFO: * Detected change in '/Users/jxxxxx/PyProject/a1-m1-flask/main.py', reloading
2021-09-06 13:41:08,798:INFO: * Restarting with stat
2021-09-06 13:41:09,340:WARNING: * Debugger is active!
2021-09-06 13:41:09,345:INFO: * Debugger PIN: 627-698-995
2021-09-06 13:44:35,963:INFO:192.168.2.110 - - [06/Sep/2021 13:44:35] "GET /customers HTTP/1.1" 200 -
2021-09-06 13:48:13,120:INFO:192.168.2.110 - - [06/Sep/2021 13:48:13] "GET /customers HTTP/1.1" 200 -
